../Drivers/STM32H7xx_HAL_Driver/Src/stm32h7xx_hal_pwr_ex.c:313:19:HAL_StatusTypeDef HAL_PWREx_ConfigSupply(uint32_t)	16	static
../Drivers/STM32H7xx_HAL_Driver/Src/stm32h7xx_hal_pwr_ex.c:385:10:uint32_t HAL_PWREx_GetSupplyConfig()	0	static
../Drivers/STM32H7xx_HAL_Driver/Src/stm32h7xx_hal_pwr_ex.c:413:19:HAL_StatusTypeDef HAL_PWREx_ControlVoltageScaling(uint32_t)	16	static
../Drivers/STM32H7xx_HAL_Driver/Src/stm32h7xx_hal_pwr_ex.c:512:10:uint32_t HAL_PWREx_GetVoltageRange()	0	static
../Drivers/STM32H7xx_HAL_Driver/Src/stm32h7xx_hal_pwr_ex.c:538:19:HAL_StatusTypeDef HAL_PWREx_ControlStopModeVoltageScaling(uint32_t)	0	static
../Drivers/STM32H7xx_HAL_Driver/Src/stm32h7xx_hal_pwr_ex.c:553:10:uint32_t HAL_PWREx_GetStopModeVoltageRange()	0	static
../Drivers/STM32H7xx_HAL_Driver/Src/stm32h7xx_hal_pwr_ex.c:816:6:void HAL_PWREx_EnterSTOPMode(uint32_t, uint8_t, uint32_t)	8	static,ignoring_inline_asm
../Drivers/STM32H7xx_HAL_Driver/Src/stm32h7xx_hal_pwr_ex.c:939:6:void HAL_PWREx_ClearPendingEvent()	0	static,ignoring_inline_asm
../Drivers/STM32H7xx_HAL_Driver/Src/stm32h7xx_hal_pwr_ex.c:986:6:void HAL_PWREx_EnterSTANDBYMode(uint32_t)	0	static,ignoring_inline_asm
../Drivers/STM32H7xx_HAL_Driver/Src/stm32h7xx_hal_pwr_ex.c:1081:6:void HAL_PWREx_ConfigD3Domain(uint32_t)	0	static
../Drivers/STM32H7xx_HAL_Driver/Src/stm32h7xx_hal_pwr_ex.c:1212:6:void HAL_PWREx_EnableFlashPowerDown()	0	static
../Drivers/STM32H7xx_HAL_Driver/Src/stm32h7xx_hal_pwr_ex.c:1226:6:void HAL_PWREx_DisableFlashPowerDown()	0	static
../Drivers/STM32H7xx_HAL_Driver/Src/stm32h7xx_hal_pwr_ex.c:1302:6:void HAL_PWREx_EnableWakeUpPin(const PWREx_WakeupPinTypeDef*)	16	static,ignoring_inline_asm
../Drivers/STM32H7xx_HAL_Driver/Src/stm32h7xx_hal_pwr_ex.c:1344:6:void HAL_PWREx_DisableWakeUpPin(uint32_t)	0	static
../Drivers/STM32H7xx_HAL_Driver/Src/stm32h7xx_hal_pwr_ex.c:1369:10:uint32_t HAL_PWREx_GetWakeupFlag(uint32_t)	0	static
../Drivers/STM32H7xx_HAL_Driver/Src/stm32h7xx_hal_pwr_ex.c:1394:19:HAL_StatusTypeDef HAL_PWREx_ClearWakeupFlag(uint32_t)	0	static
../Drivers/STM32H7xx_HAL_Driver/Src/stm32h7xx_hal_pwr_ex.c:1477:13:void HAL_PWREx_WKUP1_Callback()	0	static
../Drivers/STM32H7xx_HAL_Driver/Src/stm32h7xx_hal_pwr_ex.c:1488:13:void HAL_PWREx_WKUP2_Callback()	0	static
../Drivers/STM32H7xx_HAL_Driver/Src/stm32h7xx_hal_pwr_ex.c:1500:13:void HAL_PWREx_WKUP3_Callback()	0	static
../Drivers/STM32H7xx_HAL_Driver/Src/stm32h7xx_hal_pwr_ex.c:1512:13:void HAL_PWREx_WKUP4_Callback()	0	static
../Drivers/STM32H7xx_HAL_Driver/Src/stm32h7xx_hal_pwr_ex.c:1524:13:void HAL_PWREx_WKUP5_Callback()	0	static
../Drivers/STM32H7xx_HAL_Driver/Src/stm32h7xx_hal_pwr_ex.c:1536:13:void HAL_PWREx_WKUP6_Callback()	0	static
../Drivers/STM32H7xx_HAL_Driver/Src/stm32h7xx_hal_pwr_ex.c:1416:6:void HAL_PWREx_WAKEUP_PIN_IRQHandler()	8	static
../Drivers/STM32H7xx_HAL_Driver/Src/stm32h7xx_hal_pwr_ex.c:1625:19:HAL_StatusTypeDef HAL_PWREx_EnableBkUpReg()	16	static
../Drivers/STM32H7xx_HAL_Driver/Src/stm32h7xx_hal_pwr_ex.c:1651:19:HAL_StatusTypeDef HAL_PWREx_DisableBkUpReg()	16	static
../Drivers/STM32H7xx_HAL_Driver/Src/stm32h7xx_hal_pwr_ex.c:1677:19:HAL_StatusTypeDef HAL_PWREx_EnableUSBReg()	16	static
../Drivers/STM32H7xx_HAL_Driver/Src/stm32h7xx_hal_pwr_ex.c:1703:19:HAL_StatusTypeDef HAL_PWREx_DisableUSBReg()	16	static
../Drivers/STM32H7xx_HAL_Driver/Src/stm32h7xx_hal_pwr_ex.c:1729:6:void HAL_PWREx_EnableUSBVoltageDetector()	0	static
../Drivers/STM32H7xx_HAL_Driver/Src/stm32h7xx_hal_pwr_ex.c:1739:6:void HAL_PWREx_DisableUSBVoltageDetector()	0	static
../Drivers/STM32H7xx_HAL_Driver/Src/stm32h7xx_hal_pwr_ex.c:1755:6:void HAL_PWREx_EnableBatteryCharging(uint32_t)	0	static
../Drivers/STM32H7xx_HAL_Driver/Src/stm32h7xx_hal_pwr_ex.c:1771:6:void HAL_PWREx_DisableBatteryCharging()	0	static
../Drivers/STM32H7xx_HAL_Driver/Src/stm32h7xx_hal_pwr_ex.c:1861:6:void HAL_PWREx_EnableMonitoring()	0	static
../Drivers/STM32H7xx_HAL_Driver/Src/stm32h7xx_hal_pwr_ex.c:1871:6:void HAL_PWREx_DisableMonitoring()	0	static
../Drivers/STM32H7xx_HAL_Driver/Src/stm32h7xx_hal_pwr_ex.c:1882:10:uint32_t HAL_PWREx_GetTemperatureLevel()	0	static
../Drivers/STM32H7xx_HAL_Driver/Src/stm32h7xx_hal_pwr_ex.c:1913:10:uint32_t HAL_PWREx_GetVBATLevel()	0	static
../Drivers/STM32H7xx_HAL_Driver/Src/stm32h7xx_hal_pwr_ex.c:1976:6:void HAL_PWREx_ConfigAVD(const PWREx_AVDTypeDef*)	0	static
../Drivers/STM32H7xx_HAL_Driver/Src/stm32h7xx_hal_pwr_ex.c:2025:6:void HAL_PWREx_EnableAVD()	0	static
../Drivers/STM32H7xx_HAL_Driver/Src/stm32h7xx_hal_pwr_ex.c:2035:6:void HAL_PWREx_DisableAVD()	0	static
../Drivers/STM32H7xx_HAL_Driver/Src/stm32h7xx_hal_pwr_ex.c:2131:13:void HAL_PWREx_AVDCallback()	0	static
../Drivers/STM32H7xx_HAL_Driver/Src/stm32h7xx_hal_pwr_ex.c:2046:6:void HAL_PWREx_PVD_AVD_IRQHandler()	16	static
