../Drivers/STM32H7xx_HAL_Driver/Src/stm32h7xx_hal.c:228:13:void HAL_MspInit()	0	static
../Drivers/STM32H7xx_HAL_Driver/Src/stm32h7xx_hal.c:239:13:void HAL_MspDeInit()	0	static
../Drivers/STM32H7xx_HAL_Driver/Src/stm32h7xx_hal.c:187:19:HAL_StatusTypeDef HAL_DeInit()	8	static
../Drivers/STM32H7xx_HAL_Driver/Src/stm32h7xx_hal.c:262:26:HAL_StatusTypeDef HAL_InitTick(uint32_t)	16	static
../Drivers/STM32H7xx_HAL_Driver/Src/stm32h7xx_hal.c:134:19:HAL_StatusTypeDef HAL_Init()	8	static
../Drivers/STM32H7xx_HAL_Driver/Src/stm32h7xx_hal.c:327:13:void HAL_IncTick()	0	static
../Drivers/STM32H7xx_HAL_Driver/Src/stm32h7xx_hal.c:338:17:uint32_t HAL_GetTick()	0	static
../Drivers/STM32H7xx_HAL_Driver/Src/stm32h7xx_hal.c:347:10:uint32_t HAL_GetTickPrio()	0	static
../Drivers/STM32H7xx_HAL_Driver/Src/stm32h7xx_hal.c:356:19:HAL_StatusTypeDef HAL_SetTickFreq(HAL_TickFreqTypeDef)	16	static
../Drivers/STM32H7xx_HAL_Driver/Src/stm32h7xx_hal.c:389:21:HAL_TickFreqTypeDef HAL_GetTickFreq()	0	static
../Drivers/STM32H7xx_HAL_Driver/Src/stm32h7xx_hal.c:405:13:void HAL_Delay(uint32_t)	16	static
../Drivers/STM32H7xx_HAL_Driver/Src/stm32h7xx_hal.c:431:13:void HAL_SuspendTick()	0	static
../Drivers/STM32H7xx_HAL_Driver/Src/stm32h7xx_hal.c:447:13:void HAL_ResumeTick()	0	static
../Drivers/STM32H7xx_HAL_Driver/Src/stm32h7xx_hal.c:457:10:uint32_t HAL_GetHalVersion()	0	static
../Drivers/STM32H7xx_HAL_Driver/Src/stm32h7xx_hal.c:466:10:uint32_t HAL_GetREVID()	0	static
../Drivers/STM32H7xx_HAL_Driver/Src/stm32h7xx_hal.c:475:10:uint32_t HAL_GetDEVID()	0	static
../Drivers/STM32H7xx_HAL_Driver/Src/stm32h7xx_hal.c:484:10:uint32_t HAL_GetUIDw0()	0	static
../Drivers/STM32H7xx_HAL_Driver/Src/stm32h7xx_hal.c:493:10:uint32_t HAL_GetUIDw1()	0	static
../Drivers/STM32H7xx_HAL_Driver/Src/stm32h7xx_hal.c:502:10:uint32_t HAL_GetUIDw2()	0	static
../Drivers/STM32H7xx_HAL_Driver/Src/stm32h7xx_hal.c:521:6:void HAL_SYSCFG_VREFBUF_VoltageScalingConfig(uint32_t)	0	static
../Drivers/STM32H7xx_HAL_Driver/Src/stm32h7xx_hal.c:537:6:void HAL_SYSCFG_VREFBUF_HighImpedanceConfig(uint32_t)	0	static
../Drivers/STM32H7xx_HAL_Driver/Src/stm32h7xx_hal.c:549:6:void HAL_SYSCFG_VREFBUF_TrimmingConfig(uint32_t)	0	static
../Drivers/STM32H7xx_HAL_Driver/Src/stm32h7xx_hal.c:561:19:HAL_StatusTypeDef HAL_SYSCFG_EnableVREFBUF()	16	static
../Drivers/STM32H7xx_HAL_Driver/Src/stm32h7xx_hal.c:587:6:void HAL_SYSCFG_DisableVREFBUF()	0	static
../Drivers/STM32H7xx_HAL_Driver/Src/stm32h7xx_hal.c:601:6:void HAL_SYSCFG_ETHInterfaceSelect(uint32_t)	0	static
../Drivers/STM32H7xx_HAL_Driver/Src/stm32h7xx_hal.c:631:6:void HAL_SYSCFG_AnalogSwitchConfig(uint32_t, uint32_t)	0	static
../Drivers/STM32H7xx_HAL_Driver/Src/stm32h7xx_hal.c:649:6:void HAL_SYSCFG_EnableBOOST()	0	static
../Drivers/STM32H7xx_HAL_Driver/Src/stm32h7xx_hal.c:661:6:void HAL_SYSCFG_DisableBOOST()	0	static
../Drivers/STM32H7xx_HAL_Driver/Src/stm32h7xx_hal.c:677:6:void HAL_SYSCFG_CM7BootAddConfig(uint32_t, uint32_t)	0	static
../Drivers/STM32H7xx_HAL_Driver/Src/stm32h7xx_hal.c:776:6:void HAL_EnableCompensationCell()	0	static
../Drivers/STM32H7xx_HAL_Driver/Src/stm32h7xx_hal.c:787:6:void HAL_DisableCompensationCell()	0	static
../Drivers/STM32H7xx_HAL_Driver/Src/stm32h7xx_hal.c:800:6:void HAL_SYSCFG_EnableIOSpeedOptimize()	0	static
../Drivers/STM32H7xx_HAL_Driver/Src/stm32h7xx_hal.c:816:6:void HAL_SYSCFG_DisableIOSpeedOptimize()	0	static
../Drivers/STM32H7xx_HAL_Driver/Src/stm32h7xx_hal.c:833:6:void HAL_SYSCFG_CompensationCodeSelect(uint32_t)	0	static
../Drivers/STM32H7xx_HAL_Driver/Src/stm32h7xx_hal.c:850:6:void HAL_SYSCFG_CompensationCodeConfig(uint32_t, uint32_t)	0	static
../Drivers/STM32H7xx_HAL_Driver/Src/stm32h7xx_hal.c:912:6:void HAL_DBGMCU_EnableDBGSleepMode()	0	static
../Drivers/STM32H7xx_HAL_Driver/Src/stm32h7xx_hal.c:921:6:void HAL_DBGMCU_DisableDBGSleepMode()	0	static
../Drivers/STM32H7xx_HAL_Driver/Src/stm32h7xx_hal.c:931:6:void HAL_DBGMCU_EnableDBGStopMode()	0	static
../Drivers/STM32H7xx_HAL_Driver/Src/stm32h7xx_hal.c:940:6:void HAL_DBGMCU_DisableDBGStopMode()	0	static
../Drivers/STM32H7xx_HAL_Driver/Src/stm32h7xx_hal.c:949:6:void HAL_DBGMCU_EnableDBGStandbyMode()	0	static
../Drivers/STM32H7xx_HAL_Driver/Src/stm32h7xx_hal.c:958:6:void HAL_DBGMCU_DisableDBGStandbyMode()	0	static
../Drivers/STM32H7xx_HAL_Driver/Src/stm32h7xx_hal.c:1065:6:void HAL_SetFMCMemorySwappingConfig(uint32_t)	0	static
../Drivers/STM32H7xx_HAL_Driver/Src/stm32h7xx_hal.c:1077:10:uint32_t HAL_GetFMCMemorySwappingConfig()	0	static
../Drivers/STM32H7xx_HAL_Driver/Src/stm32h7xx_hal.c:1094:6:void HAL_EXTI_EdgeConfig(uint32_t, uint32_t)	8	static
../Drivers/STM32H7xx_HAL_Driver/Src/stm32h7xx_hal.c:1120:6:void HAL_EXTI_GenerateSWInterrupt(uint32_t)	0	static
../Drivers/STM32H7xx_HAL_Driver/Src/stm32h7xx_hal.c:1135:6:void HAL_EXTI_D1_ClearFlag(uint32_t)	0	static
../Drivers/STM32H7xx_HAL_Driver/Src/stm32h7xx_hal.c:1170:6:void HAL_EXTI_D1_EventInputConfig(uint32_t, uint32_t, uint32_t)	12	static
../Drivers/STM32H7xx_HAL_Driver/Src/stm32h7xx_hal.c:1264:6:void HAL_EXTI_D3_EventInputConfig(uint32_t, uint32_t, uint32_t)	12	static
