../Drivers/STM32H7xx_HAL_Driver/Src/stm32h7xx_hal_rcc_ex.c:3693:26:HAL_StatusTypeDef RCCEx_PLL2_Config(const RCC_PLL2InitTypeDef*, uint32_t)	24	static
../Drivers/STM32H7xx_HAL_Driver/Src/stm32h7xx_hal_rcc_ex.c:3798:26:HAL_StatusTypeDef RCCEx_PLL3_Config(const RCC_PLL3InitTypeDef*, uint32_t)	24	static
../Drivers/STM32H7xx_HAL_Driver/Src/stm32h7xx_hal_rcc_ex.c:105:19:HAL_StatusTypeDef HAL_RCCEx_PeriphCLKConfig(RCC_PeriphCLKInitTypeDef*)	32	static
../Drivers/STM32H7xx_HAL_Driver/Src/stm32h7xx_hal_rcc_ex.c:1692:6:void HAL_RCCEx_GetPeriphCLKConfig(RCC_PeriphCLKInitTypeDef*)	0	static
../Drivers/STM32H7xx_HAL_Driver/Src/stm32h7xx_hal_rcc_ex.c:2904:10:uint32_t HAL_RCCEx_GetD1PCLK1Freq()	8	static
../Drivers/STM32H7xx_HAL_Driver/Src/stm32h7xx_hal_rcc_ex.c:2921:10:uint32_t HAL_RCCEx_GetD3PCLK1Freq()	8	static
../Drivers/STM32H7xx_HAL_Driver/Src/stm32h7xx_hal_rcc_ex.c:2945:6:void HAL_RCCEx_GetPLL2ClockFreq(PLL2_ClocksTypeDef*)	16	static
../Drivers/STM32H7xx_HAL_Driver/Src/stm32h7xx_hal_rcc_ex.c:3014:6:void HAL_RCCEx_GetPLL3ClockFreq(PLL3_ClocksTypeDef*)	16	static
../Drivers/STM32H7xx_HAL_Driver/Src/stm32h7xx_hal_rcc_ex.c:3082:6:void HAL_RCCEx_GetPLL1ClockFreq(PLL1_ClocksTypeDef*)	16	static
../Drivers/STM32H7xx_HAL_Driver/Src/stm32h7xx_hal_rcc_ex.c:1881:10:uint32_t HAL_RCCEx_GetPeriphCLKFreq(uint64_t)	24	static
../Drivers/STM32H7xx_HAL_Driver/Src/stm32h7xx_hal_rcc_ex.c:3143:10:uint32_t HAL_RCCEx_GetD1SysClockFreq()	8	static
../Drivers/STM32H7xx_HAL_Driver/Src/stm32h7xx_hal_rcc_ex.c:3183:6:void HAL_RCCEx_EnableLSECSS()	0	static
../Drivers/STM32H7xx_HAL_Driver/Src/stm32h7xx_hal_rcc_ex.c:3193:6:void HAL_RCCEx_DisableLSECSS()	0	static
../Drivers/STM32H7xx_HAL_Driver/Src/stm32h7xx_hal_rcc_ex.c:3205:6:void HAL_RCCEx_EnableLSECSS_IT()	0	static
../Drivers/STM32H7xx_HAL_Driver/Src/stm32h7xx_hal_rcc_ex.c:3232:6:void HAL_RCCEx_WakeUpStopCLKConfig(uint32_t)	0	static
../Drivers/STM32H7xx_HAL_Driver/Src/stm32h7xx_hal_rcc_ex.c:3247:6:void HAL_RCCEx_KerWakeUpStopCLKConfig(uint32_t)	0	static
../Drivers/STM32H7xx_HAL_Driver/Src/stm32h7xx_hal_rcc_ex.c:3301:6:void HAL_RCCEx_WWDGxSysResetConfig(uint32_t)	0	static
../Drivers/STM32H7xx_HAL_Driver/Src/stm32h7xx_hal_rcc_ex.c:3382:6:void HAL_RCCEx_CRSConfig(const RCC_CRSInitTypeDef*)	8	static
../Drivers/STM32H7xx_HAL_Driver/Src/stm32h7xx_hal_rcc_ex.c:3432:6:void HAL_RCCEx_CRSSoftwareSynchronizationGenerate()	0	static
../Drivers/STM32H7xx_HAL_Driver/Src/stm32h7xx_hal_rcc_ex.c:3442:6:void HAL_RCCEx_CRSGetSynchronizationInfo(RCC_CRSSynchroInfoTypeDef*)	0	static
../Drivers/STM32H7xx_HAL_Driver/Src/stm32h7xx_hal_rcc_ex.c:3475:10:uint32_t HAL_RCCEx_CRSWaitSynchronization(uint32_t)	24	static
../Drivers/STM32H7xx_HAL_Driver/Src/stm32h7xx_hal_rcc_ex.c:3624:13:void HAL_RCCEx_CRS_SyncOkCallback()	0	static
../Drivers/STM32H7xx_HAL_Driver/Src/stm32h7xx_hal_rcc_ex.c:3635:13:void HAL_RCCEx_CRS_SyncWarnCallback()	0	static
../Drivers/STM32H7xx_HAL_Driver/Src/stm32h7xx_hal_rcc_ex.c:3646:13:void HAL_RCCEx_CRS_ExpectedSyncCallback()	0	static
../Drivers/STM32H7xx_HAL_Driver/Src/stm32h7xx_hal_rcc_ex.c:3662:13:void HAL_RCCEx_CRS_ErrorCallback(uint32_t)	0	static
../Drivers/STM32H7xx_HAL_Driver/Src/stm32h7xx_hal_rcc_ex.c:3559:6:void HAL_RCCEx_CRS_IRQHandler()	8	static
../Drivers/STM32H7xx_HAL_Driver/Src/stm32h7xx_hal_rcc_ex.c:3914:13:void HAL_RCCEx_LSECSS_Callback()	0	static
../Drivers/STM32H7xx_HAL_Driver/Src/stm32h7xx_hal_rcc_ex.c:3895:6:void HAL_RCCEx_LSECSS_IRQHandler()	8	static
