../Drivers/STM32H7xx_HAL_Driver/Src/stm32h7xx_hal_spi.c:3642:13:void SPI_RxISR_16BIT(SPI_HandleTypeDef*)	0	static
../Drivers/STM32H7xx_HAL_Driver/Src/stm32h7xx_hal_spi.c:3686:13:void SPI_RxISR_32BIT(SPI_HandleTypeDef*)	0	static
../Drivers/STM32H7xx_HAL_Driver/Src/stm32h7xx_hal_spi.c:3766:13:void SPI_TxISR_16BIT(SPI_HandleTypeDef*)	0	static
../Drivers/STM32H7xx_HAL_Driver/Src/stm32h7xx_hal_spi.c:3814:13:void SPI_TxISR_32BIT(SPI_HandleTypeDef*)	0	static
../Drivers/STM32H7xx_HAL_Driver/Src/stm32h7xx_hal_spi.c:3856:13:void SPI_AbortTransfer(SPI_HandleTypeDef*)	0	static
../Drivers/STM32H7xx_HAL_Driver/Src/stm32h7xx_hal_spi.c:3895:13:void SPI_CloseTransfer(SPI_HandleTypeDef*)	0	static
../Drivers/STM32H7xx_HAL_Driver/Src/stm32h7xx_hal_spi.c:3604:13:void SPI_RxISR_8BIT(SPI_HandleTypeDef*)	0	static
../Drivers/STM32H7xx_HAL_Driver/Src/stm32h7xx_hal_spi.c:3724:13:void SPI_TxISR_8BIT(SPI_HandleTypeDef*)	0	static
../Drivers/STM32H7xx_HAL_Driver/Src/stm32h7xx_hal_spi.c:533:13:void HAL_SPI_MspInit(SPI_HandleTypeDef*)	0	static
../Drivers/STM32H7xx_HAL_Driver/Src/stm32h7xx_hal_spi.c:239:19:HAL_StatusTypeDef HAL_SPI_Init(SPI_HandleTypeDef*)	24	static
../Drivers/STM32H7xx_HAL_Driver/Src/stm32h7xx_hal_spi.c:549:13:void HAL_SPI_MspDeInit(SPI_HandleTypeDef*)	0	static
../Drivers/STM32H7xx_HAL_Driver/Src/stm32h7xx_hal_spi.c:489:19:HAL_StatusTypeDef HAL_SPI_DeInit(SPI_HandleTypeDef*)	8	static
../Drivers/STM32H7xx_HAL_Driver/Src/stm32h7xx_hal_spi.c:824:19:HAL_StatusTypeDef HAL_SPI_Transmit(SPI_HandleTypeDef*, const uint8_t*, uint16_t, uint32_t)	32	static
../Drivers/STM32H7xx_HAL_Driver/Src/stm32h7xx_hal_spi.c:1048:19:HAL_StatusTypeDef HAL_SPI_Receive(SPI_HandleTypeDef*, uint8_t*, uint16_t, uint32_t)	32	static
../Drivers/STM32H7xx_HAL_Driver/Src/stm32h7xx_hal_spi.c:1318:19:HAL_StatusTypeDef HAL_SPI_TransmitReceive(SPI_HandleTypeDef*, const uint8_t*, uint8_t*, uint16_t, uint32_t)	40	static
../Drivers/STM32H7xx_HAL_Driver/Src/stm32h7xx_hal_spi.c:1645:19:HAL_StatusTypeDef HAL_SPI_Transmit_IT(SPI_HandleTypeDef*, const uint8_t*, uint16_t)	8	static
../Drivers/STM32H7xx_HAL_Driver/Src/stm32h7xx_hal_spi.c:1735:19:HAL_StatusTypeDef HAL_SPI_Receive_IT(SPI_HandleTypeDef*, uint8_t*, uint16_t)	8	static
../Drivers/STM32H7xx_HAL_Driver/Src/stm32h7xx_hal_spi.c:1830:19:HAL_StatusTypeDef HAL_SPI_TransmitReceive_IT(SPI_HandleTypeDef*, const uint8_t*, uint8_t*, uint16_t)	12	static
../Drivers/STM32H7xx_HAL_Driver/Src/stm32h7xx_hal_spi.c:2086:19:HAL_StatusTypeDef HAL_SPI_Transmit_DMA(SPI_HandleTypeDef*, const uint8_t*, uint16_t)	24	static
../Drivers/STM32H7xx_HAL_Driver/Src/stm32h7xx_hal_spi.c:2232:19:HAL_StatusTypeDef HAL_SPI_Receive_DMA(SPI_HandleTypeDef*, uint8_t*, uint16_t)	24	static
../Drivers/STM32H7xx_HAL_Driver/Src/stm32h7xx_hal_spi.c:2380:19:HAL_StatusTypeDef HAL_SPI_TransmitReceive_DMA(SPI_HandleTypeDef*, const uint8_t*, uint8_t*, uint16_t)	32	static
../Drivers/STM32H7xx_HAL_Driver/Src/stm32h7xx_hal_spi.c:2567:19:HAL_StatusTypeDef HAL_SPI_Abort(SPI_HandleTypeDef*)	16	static
../Drivers/STM32H7xx_HAL_Driver/Src/stm32h7xx_hal_spi.c:2846:19:HAL_StatusTypeDef HAL_SPI_DMAPause(SPI_HandleTypeDef*)	0	static
../Drivers/STM32H7xx_HAL_Driver/Src/stm32h7xx_hal_spi.c:2861:19:HAL_StatusTypeDef HAL_SPI_DMAResume(SPI_HandleTypeDef*)	0	static
../Drivers/STM32H7xx_HAL_Driver/Src/stm32h7xx_hal_spi.c:2876:19:HAL_StatusTypeDef HAL_SPI_DMAStop(SPI_HandleTypeDef*)	0	static
../Drivers/STM32H7xx_HAL_Driver/Src/stm32h7xx_hal_spi.c:3143:13:void HAL_SPI_TxCpltCallback(SPI_HandleTypeDef*)	0	static
../Drivers/STM32H7xx_HAL_Driver/Src/stm32h7xx_hal_spi.c:3344:13:void SPI_DMATransmitCplt(DMA_HandleTypeDef*)	8	static
../Drivers/STM32H7xx_HAL_Driver/Src/stm32h7xx_hal_spi.c:3159:13:void HAL_SPI_RxCpltCallback(SPI_HandleTypeDef*)	0	static
../Drivers/STM32H7xx_HAL_Driver/Src/stm32h7xx_hal_spi.c:3372:13:void SPI_DMAReceiveCplt(DMA_HandleTypeDef*)	8	static
../Drivers/STM32H7xx_HAL_Driver/Src/stm32h7xx_hal_spi.c:3175:13:void HAL_SPI_TxRxCpltCallback(SPI_HandleTypeDef*)	0	static
../Drivers/STM32H7xx_HAL_Driver/Src/stm32h7xx_hal_spi.c:3400:13:void SPI_DMATransmitReceiveCplt(DMA_HandleTypeDef*)	8	static
../Drivers/STM32H7xx_HAL_Driver/Src/stm32h7xx_hal_spi.c:3191:13:void HAL_SPI_TxHalfCpltCallback(SPI_HandleTypeDef*)	0	static
../Drivers/STM32H7xx_HAL_Driver/Src/stm32h7xx_hal_spi.c:3428:13:void SPI_DMAHalfTransmitCplt(DMA_HandleTypeDef*)	8	static
../Drivers/STM32H7xx_HAL_Driver/Src/stm32h7xx_hal_spi.c:3207:13:void HAL_SPI_RxHalfCpltCallback(SPI_HandleTypeDef*)	0	static
../Drivers/STM32H7xx_HAL_Driver/Src/stm32h7xx_hal_spi.c:3446:13:void SPI_DMAHalfReceiveCplt(DMA_HandleTypeDef*)	8	static
../Drivers/STM32H7xx_HAL_Driver/Src/stm32h7xx_hal_spi.c:3223:13:void HAL_SPI_TxRxHalfCpltCallback(SPI_HandleTypeDef*)	0	static
../Drivers/STM32H7xx_HAL_Driver/Src/stm32h7xx_hal_spi.c:3464:13:void SPI_DMAHalfTransmitReceiveCplt(DMA_HandleTypeDef*)	8	static
../Drivers/STM32H7xx_HAL_Driver/Src/stm32h7xx_hal_spi.c:3239:13:void HAL_SPI_ErrorCallback(SPI_HandleTypeDef*)	0	static
../Drivers/STM32H7xx_HAL_Driver/Src/stm32h7xx_hal_spi.c:3482:13:void SPI_DMAError(DMA_HandleTypeDef*)	8	static
../Drivers/STM32H7xx_HAL_Driver/Src/stm32h7xx_hal_spi.c:3508:13:void SPI_DMAAbortOnError(DMA_HandleTypeDef*)	8	static
../Drivers/STM32H7xx_HAL_Driver/Src/stm32h7xx_hal_spi.c:3257:13:void HAL_SPI_AbortCpltCallback(SPI_HandleTypeDef*)	0	static
../Drivers/STM32H7xx_HAL_Driver/Src/stm32h7xx_hal_spi.c:2700:19:HAL_StatusTypeDef HAL_SPI_Abort_IT(SPI_HandleTypeDef*)	24	static
../Drivers/STM32H7xx_HAL_Driver/Src/stm32h7xx_hal_spi.c:3569:13:void SPI_DMARxAbortCallback(DMA_HandleTypeDef*)	8	static
../Drivers/STM32H7xx_HAL_Driver/Src/stm32h7xx_hal_spi.c:3532:13:void SPI_DMATxAbortCallback(DMA_HandleTypeDef*)	8	static
../Drivers/STM32H7xx_HAL_Driver/Src/stm32h7xx_hal_spi.c:3272:13:void HAL_SPI_SuspendCallback(SPI_HandleTypeDef*)	0	static
../Drivers/STM32H7xx_HAL_Driver/Src/stm32h7xx_hal_spi.c:2890:6:void HAL_SPI_IRQHandler(SPI_HandleTypeDef*)	32	static
../Drivers/STM32H7xx_HAL_Driver/Src/stm32h7xx_hal_spi.c:3307:22:HAL_SPI_StateTypeDef HAL_SPI_GetState(const SPI_HandleTypeDef*)	0	static
../Drivers/STM32H7xx_HAL_Driver/Src/stm32h7xx_hal_spi.c:3319:10:uint32_t HAL_SPI_GetError(const SPI_HandleTypeDef*)	0	static
