../Drivers/STM32H7xx_HAL_Driver/Src/stm32h7xx_hal_dac.c:456:13:void HAL_DAC_MspInit(DAC_HandleTypeDef*)	0	static
../Drivers/STM32H7xx_HAL_Driver/Src/stm32h7xx_hal_dac.c:350:19:HAL_StatusTypeDef HAL_DAC_Init(DAC_HandleTypeDef*)	8	static
../Drivers/STM32H7xx_HAL_Driver/Src/stm32h7xx_hal_dac.c:472:13:void HAL_DAC_MspDeInit(DAC_HandleTypeDef*)	0	static
../Drivers/STM32H7xx_HAL_Driver/Src/stm32h7xx_hal_dac.c:411:19:HAL_StatusTypeDef HAL_DAC_DeInit(DAC_HandleTypeDef*)	8	static
../Drivers/STM32H7xx_HAL_Driver/Src/stm32h7xx_hal_dac.c:514:19:HAL_StatusTypeDef HAL_DAC_Start(DAC_HandleTypeDef*, uint32_t)	16	static
../Drivers/STM32H7xx_HAL_Driver/Src/stm32h7xx_hal_dac.c:575:19:HAL_StatusTypeDef HAL_DAC_Stop(DAC_HandleTypeDef*, uint32_t)	8	static
../Drivers/STM32H7xx_HAL_Driver/Src/stm32h7xx_hal_dac.c:613:19:HAL_StatusTypeDef HAL_DAC_Start_DMA(DAC_HandleTypeDef*, uint32_t, const uint32_t*, uint32_t, uint32_t)	24	static
../Drivers/STM32H7xx_HAL_Driver/Src/stm32h7xx_hal_dac.c:745:19:HAL_StatusTypeDef HAL_DAC_Stop_DMA(DAC_HandleTypeDef*, uint32_t)	16	static
../Drivers/STM32H7xx_HAL_Driver/Src/stm32h7xx_hal_dac.c:875:19:HAL_StatusTypeDef HAL_DAC_SetValue(DAC_HandleTypeDef*, uint32_t, uint32_t, uint32_t)	16	static
../Drivers/STM32H7xx_HAL_Driver/Src/stm32h7xx_hal_dac.c:915:13:void HAL_DAC_ConvCpltCallbackCh1(DAC_HandleTypeDef*)	0	static
../Drivers/STM32H7xx_HAL_Driver/Src/stm32h7xx_hal_dac.c:1534:6:void DAC_DMAConvCpltCh1(DMA_HandleTypeDef*)	8	static
../Drivers/STM32H7xx_HAL_Driver/Src/stm32h7xx_hal_dac.c:931:13:void HAL_DAC_ConvHalfCpltCallbackCh1(DAC_HandleTypeDef*)	0	static
../Drivers/STM32H7xx_HAL_Driver/Src/stm32h7xx_hal_dac.c:1553:6:void DAC_DMAHalfConvCpltCh1(DMA_HandleTypeDef*)	8	static
../Drivers/STM32H7xx_HAL_Driver/Src/stm32h7xx_hal_dac.c:947:13:void HAL_DAC_ErrorCallbackCh1(DAC_HandleTypeDef*)	0	static
../Drivers/STM32H7xx_HAL_Driver/Src/stm32h7xx_hal_dac.c:1570:6:void DAC_DMAErrorCh1(DMA_HandleTypeDef*)	8	static
../Drivers/STM32H7xx_HAL_Driver/Src/stm32h7xx_hal_dac.c:963:13:void HAL_DAC_DMAUnderrunCallbackCh1(DAC_HandleTypeDef*)	0	static
../Drivers/STM32H7xx_HAL_Driver/Src/stm32h7xx_hal_dac.c:799:6:void HAL_DAC_IRQHandler(DAC_HandleTypeDef*)	16	static
../Drivers/STM32H7xx_HAL_Driver/Src/stm32h7xx_hal_dac.c:1002:10:uint32_t HAL_DAC_GetValue(const DAC_HandleTypeDef*, uint32_t)	0	static
../Drivers/STM32H7xx_HAL_Driver/Src/stm32h7xx_hal_dac.c:1037:19:HAL_StatusTypeDef HAL_DAC_ConfigChannel(DAC_HandleTypeDef*, const DAC_ChannelConfTypeDef*, uint32_t)	24	static
../Drivers/STM32H7xx_HAL_Driver/Src/stm32h7xx_hal_dac.c:1249:22:HAL_DAC_StateTypeDef HAL_DAC_GetState(const DAC_HandleTypeDef*)	0	static
../Drivers/STM32H7xx_HAL_Driver/Src/stm32h7xx_hal_dac.c:1262:10:uint32_t HAL_DAC_GetError(const DAC_HandleTypeDef*)	0	static
