../Drivers/STM32H7xx_HAL_Driver/Src/stm32h7xx_hal_dma.c:1773:13:void DMA_SetConfig(DMA_HandleTypeDef*, uint32_t, uint32_t, uint32_t)	20	static
../Drivers/STM32H7xx_HAL_Driver/Src/stm32h7xx_hal_dma.c:1860:17:uint32_t DMA_CalcBaseAndBitshift(DMA_HandleTypeDef*)	8	static
../Drivers/STM32H7xx_HAL_Driver/Src/stm32h7xx_hal_dma.c:1990:13:void DMA_CalcDMAMUXChannelBaseAndMask(DMA_HandleTypeDef*)	0	static
../Drivers/STM32H7xx_HAL_Driver/Src/stm32h7xx_hal_dma.c:2025:13:void DMA_CalcDMAMUXRequestGenBaseAndMask(DMA_HandleTypeDef*)	8	static
../Drivers/STM32H7xx_HAL_Driver/Src/stm32h7xx_hal_dma.c:216:19:HAL_StatusTypeDef HAL_DMA_Init(DMA_HandleTypeDef*)	24	static
../Drivers/STM32H7xx_HAL_Driver/Src/stm32h7xx_hal_dma.c:468:19:HAL_StatusTypeDef HAL_DMA_DeInit(DMA_HandleTypeDef*)	8	static
../Drivers/STM32H7xx_HAL_Driver/Src/stm32h7xx_hal_dma.c:625:19:HAL_StatusTypeDef HAL_DMA_Start(DMA_HandleTypeDef*, uint32_t, uint32_t, uint32_t)	16	static
../Drivers/STM32H7xx_HAL_Driver/Src/stm32h7xx_hal_dma.c:681:19:HAL_StatusTypeDef HAL_DMA_Start_IT(DMA_HandleTypeDef*, uint32_t, uint32_t, uint32_t)	16	static
../Drivers/STM32H7xx_HAL_Driver/Src/stm32h7xx_hal_dma.c:781:19:HAL_StatusTypeDef HAL_DMA_Abort(DMA_HandleTypeDef*)	24	static
../Drivers/STM32H7xx_HAL_Driver/Src/stm32h7xx_hal_dma.c:897:19:HAL_StatusTypeDef HAL_DMA_Abort_IT(DMA_HandleTypeDef*)	8	static
../Drivers/STM32H7xx_HAL_Driver/Src/stm32h7xx_hal_dma.c:981:19:HAL_StatusTypeDef HAL_DMA_PollForTransfer(DMA_HandleTypeDef*, HAL_DMA_LevelCompleteTypeDef, uint32_t)	40	static
../Drivers/STM32H7xx_HAL_Driver/Src/stm32h7xx_hal_dma.c:1208:6:void HAL_DMA_IRQHandler(DMA_HandleTypeDef*)	32	static
../Drivers/STM32H7xx_HAL_Driver/Src/stm32h7xx_hal_dma.c:1578:19:HAL_StatusTypeDef HAL_DMA_RegisterCallback(DMA_HandleTypeDef*, HAL_DMA_CallbackIDTypeDef, void (*)(DMA_HandleTypeDef*))	8	static
../Drivers/STM32H7xx_HAL_Driver/Src/stm32h7xx_hal_dma.c:1645:19:HAL_StatusTypeDef HAL_DMA_UnRegisterCallback(DMA_HandleTypeDef*, HAL_DMA_CallbackIDTypeDef)	8	static
../Drivers/STM32H7xx_HAL_Driver/Src/stm32h7xx_hal_dma.c:1736:22:HAL_DMA_StateTypeDef HAL_DMA_GetState(const DMA_HandleTypeDef*)	0	static
../Drivers/STM32H7xx_HAL_Driver/Src/stm32h7xx_hal_dma.c:1747:10:uint32_t HAL_DMA_GetError(const DMA_HandleTypeDef*)	0	static
