../Drivers/STM32H7xx_HAL_Driver/Src/stm32h7xx_hal_cortex.c:142:6:void HAL_NVIC_SetPriorityGrouping(uint32_t)	0	static
../Drivers/STM32H7xx_HAL_Driver/Src/stm32h7xx_hal_cortex.c:164:6:void HAL_NVIC_SetPriority(IRQn_Type, uint32_t, uint32_t)	12	static
../Drivers/STM32H7xx_HAL_Driver/Src/stm32h7xx_hal_cortex.c:186:6:void HAL_NVIC_EnableIRQ(IRQn_Type)	0	static,ignoring_inline_asm
../Drivers/STM32H7xx_HAL_Driver/Src/stm32h7xx_hal_cortex.c:202:6:void HAL_NVIC_DisableIRQ(IRQn_Type)	0	static,ignoring_inline_asm
../Drivers/STM32H7xx_HAL_Driver/Src/stm32h7xx_hal_cortex.c:215:6:void HAL_NVIC_SystemReset()	0	static,ignoring_inline_asm
../Drivers/STM32H7xx_HAL_Driver/Src/stm32h7xx_hal_cortex.c:228:10:uint32_t HAL_SYSTICK_Config(uint32_t)	0	static
../Drivers/STM32H7xx_HAL_Driver/Src/stm32h7xx_hal_cortex.c:256:6:void HAL_MPU_Disable()	0	static,ignoring_inline_asm
../Drivers/STM32H7xx_HAL_Driver/Src/stm32h7xx_hal_cortex.c:279:6:void HAL_MPU_Enable(uint32_t)	0	static,ignoring_inline_asm
../Drivers/STM32H7xx_HAL_Driver/Src/stm32h7xx_hal_cortex.c:296:6:void HAL_MPU_EnableRegion(uint32_t)	0	static
../Drivers/STM32H7xx_HAL_Driver/Src/stm32h7xx_hal_cortex.c:312:6:void HAL_MPU_DisableRegion(uint32_t)	0	static
../Drivers/STM32H7xx_HAL_Driver/Src/stm32h7xx_hal_cortex.c:330:6:void HAL_MPU_ConfigRegion(const MPU_Region_InitTypeDef*)	0	static
../Drivers/STM32H7xx_HAL_Driver/Src/stm32h7xx_hal_cortex.c:368:10:uint32_t HAL_NVIC_GetPriorityGrouping()	0	static
../Drivers/STM32H7xx_HAL_Driver/Src/stm32h7xx_hal_cortex.c:395:6:void HAL_NVIC_GetPriority(IRQn_Type, uint32_t, uint32_t*, uint32_t*)	16	static
../Drivers/STM32H7xx_HAL_Driver/Src/stm32h7xx_hal_cortex.c:410:6:void HAL_NVIC_SetPendingIRQ(IRQn_Type)	0	static
../Drivers/STM32H7xx_HAL_Driver/Src/stm32h7xx_hal_cortex.c:428:10:uint32_t HAL_NVIC_GetPendingIRQ(IRQn_Type)	0	static
../Drivers/STM32H7xx_HAL_Driver/Src/stm32h7xx_hal_cortex.c:444:6:void HAL_NVIC_ClearPendingIRQ(IRQn_Type)	0	static
../Drivers/STM32H7xx_HAL_Driver/Src/stm32h7xx_hal_cortex.c:461:10:uint32_t HAL_NVIC_GetActive(IRQn_Type)	0	static
../Drivers/STM32H7xx_HAL_Driver/Src/stm32h7xx_hal_cortex.c:478:6:void HAL_SYSTICK_CLKSourceConfig(uint32_t)	0	static
../Drivers/STM32H7xx_HAL_Driver/Src/stm32h7xx_hal_cortex.c:505:13:void HAL_SYSTICK_Callback()	0	static
../Drivers/STM32H7xx_HAL_Driver/Src/stm32h7xx_hal_cortex.c:496:6:void HAL_SYSTICK_IRQHandler()	8	static
../Drivers/STM32H7xx_HAL_Driver/Src/stm32h7xx_hal_cortex.c:536:10:uint32_t HAL_GetCurrentCPUID()	0	static
