../Drivers/STM32H7xx_HAL_Driver/Src/stm32h7xx_hal_rcc.c:188:19:HAL_StatusTypeDef HAL_RCC_DeInit()	24	static
../Drivers/STM32H7xx_HAL_Driver/Src/stm32h7xx_hal_rcc.c:405:26:HAL_StatusTypeDef HAL_RCC_OscConfig(RCC_OscInitTypeDef*)	24	static
../Drivers/STM32H7xx_HAL_Driver/Src/stm32h7xx_hal_rcc.c:1286:6:void HAL_RCC_MCOConfig(uint32_t, uint32_t, uint32_t)	48	static
../Drivers/STM32H7xx_HAL_Driver/Src/stm32h7xx_hal_rcc.c:1340:6:void HAL_RCC_EnableCSS()	0	static
../Drivers/STM32H7xx_HAL_Driver/Src/stm32h7xx_hal_rcc.c:1349:6:void HAL_RCC_DisableCSS()	0	static
../Drivers/STM32H7xx_HAL_Driver/Src/stm32h7xx_hal_rcc.c:1388:10:uint32_t HAL_RCC_GetSysClockFreq()	12	static
../Drivers/STM32H7xx_HAL_Driver/Src/stm32h7xx_hal_rcc.c:922:19:HAL_StatusTypeDef HAL_RCC_ClockConfig(const RCC_ClkInitTypeDef*, uint32_t)	24	static
../Drivers/STM32H7xx_HAL_Driver/Src/stm32h7xx_hal_rcc.c:1485:10:uint32_t HAL_RCC_GetHCLKFreq()	8	static
../Drivers/STM32H7xx_HAL_Driver/Src/stm32h7xx_hal_rcc.c:1517:10:uint32_t HAL_RCC_GetPCLK1Freq()	8	static
../Drivers/STM32H7xx_HAL_Driver/Src/stm32h7xx_hal_rcc.c:1535:10:uint32_t HAL_RCC_GetPCLK2Freq()	8	static
../Drivers/STM32H7xx_HAL_Driver/Src/stm32h7xx_hal_rcc.c:1552:6:void HAL_RCC_GetOscConfig(RCC_OscInitTypeDef*)	16	static
../Drivers/STM32H7xx_HAL_Driver/Src/stm32h7xx_hal_rcc.c:1718:6:void HAL_RCC_GetClockConfig(RCC_ClkInitTypeDef*, uint32_t*)	0	static
../Drivers/STM32H7xx_HAL_Driver/Src/stm32h7xx_hal_rcc.c:1791:13:void HAL_RCC_CSSCallback()	0	static
../Drivers/STM32H7xx_HAL_Driver/Src/stm32h7xx_hal_rcc.c:1774:6:void HAL_RCC_NMI_IRQHandler()	8	static
