../Drivers/STM32H7xx_HAL_Driver/Src/stm32h7xx_hal_dma_ex.c:648:13:void DMA_MultiBufferSetConfig(DMA_HandleTypeDef*, uint32_t, uint32_t, uint32_t)	12	static
../Drivers/STM32H7xx_HAL_Driver/Src/stm32h7xx_hal_dma_ex.c:120:19:HAL_StatusTypeDef HAL_DMAEx_MultiBufferStart(DMA_HandleTypeDef*, uint32_t, uint32_t, uint32_t, uint32_t)	24	static
../Drivers/STM32H7xx_HAL_Driver/Src/stm32h7xx_hal_dma_ex.c:217:19:HAL_StatusTypeDef HAL_DMAEx_MultiBufferStart_IT(DMA_HandleTypeDef*, uint32_t, uint32_t, uint32_t, uint32_t)	24	static
../Drivers/STM32H7xx_HAL_Driver/Src/stm32h7xx_hal_dma_ex.c:357:19:HAL_StatusTypeDef HAL_DMAEx_ChangeMemory(DMA_HandleTypeDef*, uint32_t, HAL_DMA_MemoryTypeDef)	0	static
../Drivers/STM32H7xx_HAL_Driver/Src/stm32h7xx_hal_dma_ex.c:396:19:HAL_StatusTypeDef HAL_DMAEx_ConfigMuxSync(DMA_HandleTypeDef*, HAL_DMA_MuxSyncConfigTypeDef*)	20	static
../Drivers/STM32H7xx_HAL_Driver/Src/stm32h7xx_hal_dma_ex.c:464:19:HAL_StatusTypeDef HAL_DMAEx_ConfigMuxRequestGenerator(DMA_HandleTypeDef*, HAL_DMA_MuxRequestGeneratorConfigTypeDef*)	12	static
../Drivers/STM32H7xx_HAL_Driver/Src/stm32h7xx_hal_dma_ex.c:530:19:HAL_StatusTypeDef HAL_DMAEx_EnableMuxRequestGenerator(DMA_HandleTypeDef*)	0	static
../Drivers/STM32H7xx_HAL_Driver/Src/stm32h7xx_hal_dma_ex.c:556:19:HAL_StatusTypeDef HAL_DMAEx_DisableMuxRequestGenerator(DMA_HandleTypeDef*)	0	static
../Drivers/STM32H7xx_HAL_Driver/Src/stm32h7xx_hal_dma_ex.c:582:6:void HAL_DMAEx_MUX_IRQHandler(DMA_HandleTypeDef*)	16	static
