../Drivers/STM32H7xx_HAL_Driver/Src/stm32h7xx_hal_flash_ex.c:1103:13:void FLASH_MassErase(uint32_t, uint32_t)	0	static
../Drivers/STM32H7xx_HAL_Driver/Src/stm32h7xx_hal_flash_ex.c:424:19:HAL_StatusTypeDef HAL_FLASHEx_OBProgram(FLASH_OBProgramInitTypeDef*)	24	static
../Drivers/STM32H7xx_HAL_Driver/Src/stm32h7xx_hal_flash_ex.c:567:6:void HAL_FLASHEx_OBGetConfig(FLASH_OBProgramInitTypeDef*)	12	static
../Drivers/STM32H7xx_HAL_Driver/Src/stm32h7xx_hal_flash_ex.c:635:19:HAL_StatusTypeDef HAL_FLASHEx_Unlock_Bank1()	0	static
../Drivers/STM32H7xx_HAL_Driver/Src/stm32h7xx_hal_flash_ex.c:657:19:HAL_StatusTypeDef HAL_FLASHEx_Lock_Bank1()	0	static
../Drivers/STM32H7xx_HAL_Driver/Src/stm32h7xx_hal_flash_ex.c:669:19:HAL_StatusTypeDef HAL_FLASHEx_Unlock_Bank2()	0	static
../Drivers/STM32H7xx_HAL_Driver/Src/stm32h7xx_hal_flash_ex.c:691:19:HAL_StatusTypeDef HAL_FLASHEx_Lock_Bank2()	0	static
../Drivers/STM32H7xx_HAL_Driver/Src/stm32h7xx_hal_flash_ex.c:710:19:HAL_StatusTypeDef HAL_FLASHEx_ComputeCRC(FLASH_CRCInitTypeDef*, uint32_t*)	16	static
../Drivers/STM32H7xx_HAL_Driver/Src/stm32h7xx_hal_flash_ex.c:1180:6:void FLASH_Erase_Sector(uint32_t, uint32_t, uint32_t)	8	static
../Drivers/STM32H7xx_HAL_Driver/Src/stm32h7xx_hal_flash_ex.c:186:19:HAL_StatusTypeDef HAL_FLASHEx_Erase(FLASH_EraseInitTypeDef*, uint32_t*)	40	static
../Drivers/STM32H7xx_HAL_Driver/Src/stm32h7xx_hal_flash_ex.c:303:19:HAL_StatusTypeDef HAL_FLASHEx_Erase_IT(FLASH_EraseInitTypeDef*)	16	static
