../Drivers/STM32H7xx_HAL_Driver/Src/stm32h7xx_hal_flash.c:810:13:void HAL_FLASH_EndOfOperationCallback(uint32_t)	0	static
../Drivers/STM32H7xx_HAL_Driver/Src/stm32h7xx_hal_flash.c:828:13:void HAL_FLASH_OperationErrorCallback(uint32_t)	0	static
../Drivers/STM32H7xx_HAL_Driver/Src/stm32h7xx_hal_flash.c:475:6:void HAL_FLASH_IRQHandler()	16	static
../Drivers/STM32H7xx_HAL_Driver/Src/stm32h7xx_hal_flash.c:861:19:HAL_StatusTypeDef HAL_FLASH_Unlock()	0	static
../Drivers/STM32H7xx_HAL_Driver/Src/stm32h7xx_hal_flash.c:898:19:HAL_StatusTypeDef HAL_FLASH_Lock()	0	static
../Drivers/STM32H7xx_HAL_Driver/Src/stm32h7xx_hal_flash.c:927:19:HAL_StatusTypeDef HAL_FLASH_OB_Unlock()	0	static
../Drivers/STM32H7xx_HAL_Driver/Src/stm32h7xx_hal_flash.c:949:19:HAL_StatusTypeDef HAL_FLASH_OB_Lock()	0	static
../Drivers/STM32H7xx_HAL_Driver/Src/stm32h7xx_hal_flash.c:1045:10:uint32_t HAL_FLASH_GetError()	0	static
../Drivers/STM32H7xx_HAL_Driver/Src/stm32h7xx_hal_flash.c:1070:19:HAL_StatusTypeDef FLASH_WaitForLastOperation(uint32_t, uint32_t)	24	static
../Drivers/STM32H7xx_HAL_Driver/Src/stm32h7xx_hal_flash.c:154:19:HAL_StatusTypeDef HAL_FLASH_Program(uint32_t, uint32_t, uint32_t)	24	static,ignoring_inline_asm
../Drivers/STM32H7xx_HAL_Driver/Src/stm32h7xx_hal_flash.c:319:19:HAL_StatusTypeDef HAL_FLASH_Program_IT(uint32_t, uint32_t, uint32_t)	24	static,ignoring_inline_asm
../Drivers/STM32H7xx_HAL_Driver/Src/stm32h7xx_hal_flash.c:1154:19:HAL_StatusTypeDef FLASH_OB_WaitForLastOperation(uint32_t)	16	static
../Drivers/STM32H7xx_HAL_Driver/Src/stm32h7xx_hal_flash.c:1193:19:HAL_StatusTypeDef FLASH_CRC_WaitForLastOperation(uint32_t, uint32_t)	24	static
../Drivers/STM32H7xx_HAL_Driver/Src/stm32h7xx_hal_flash.c:967:19:HAL_StatusTypeDef HAL_FLASH_OB_Launch()	8	static
