../Core/Src/display.cpp:13:6:void Display::reset()	8	static
../Core/Src/display.cpp:20:6:void Display::clear()	24	static
../Core/Src/display.cpp:28:6:void Display::init()	32	static
../Core/Src/display.cpp:50:6:void Display::writeCommand(uint8_t)	16	static
../Core/Src/display.cpp:58:6:void Display::writeData(uint8_t*, uint16_t)	16	static
../Core/Src/display.cpp:66:6:void Display::setCursor(uint8_t, uint8_t)	32	static
../Core/Src/display.cpp:77:5:int Display::getFontIndex(char)	0	static
../Core/Src/display.cpp:83:6:void Display::drawChar(char, uint8_t, uint8_t)	24	static
../Core/Src/display.cpp:94:6:void Display::drawString(const char*, uint8_t, uint8_t)	40	static
../Core/Src/display.cpp:102:6:void Display::drawBitmap(const uint8_t*, uint8_t, uint8_t, uint8_t, uint8_t)	56	static
